// Jest Snapshot v1, https://goo.gl/fbAQLP

exports[`fp-diagram should convert diagram to a diagram structure 1`] = `
Object {
  "entities": Array [
    Object {
      "external": false,
      "filename": "filename-7.js",
      "functions": Array [
        Object {
          "exported": true,
          "identifier": "create-7",
        },
        Object {
          "exported": false,
          "identifier": "update-7",
        },
        Object {
          "exported": true,
          "identifier": "delete-7",
        },
      ],
    },
    Object {
      "external": false,
      "filename": "filename-11.js",
      "functions": Array [
        Object {
          "exported": true,
          "identifier": "create-11",
        },
        Object {
          "exported": false,
          "identifier": "update-11",
        },
        Object {
          "exported": true,
          "identifier": "delete-11",
        },
      ],
    },
    Object {
      "external": false,
      "filename": "filename-17.js",
      "functions": Array [
        Object {
          "exported": true,
          "identifier": "create-17",
        },
        Object {
          "exported": false,
          "identifier": "update-17",
        },
        Object {
          "exported": true,
          "identifier": "delete-17",
        },
      ],
    },
    Object {
      "external": false,
      "filename": "filename-21.js",
      "functions": Array [],
    },
    Object {
      "external": true,
      "filename": "external-7",
      "functions": Array [
        Object {
          "exported": true,
          "identifier": "import-7-function1",
        },
      ],
    },
    Object {
      "external": true,
      "filename": "external-11",
      "functions": Array [
        Object {
          "exported": true,
          "identifier": "import-11-function1",
        },
      ],
    },
    Object {
      "external": true,
      "filename": "external-17",
      "functions": Array [
        Object {
          "exported": true,
          "identifier": "import-17-function1",
        },
      ],
    },
    Object {
      "external": true,
      "filename": "external-21",
      "functions": Array [
        Object {
          "exported": true,
          "identifier": "import-21-function1",
        },
      ],
    },
  ],
  "name": "this-project",
  "relationships": Array [
    Object {
      "from": "filename-7.js",
      "to": "external-7",
    },
    Object {
      "from": "filename-11.js",
      "to": "external-11",
    },
    Object {
      "from": "filename-17.js",
      "to": "external-17",
    },
    Object {
      "from": "filename-21.js",
      "to": "external-21",
    },
  ],
}
`;

exports[`fp-diagram should convert diagram to a diagram structure 2`] = `
"classDiagram
class \`filename-7.js\`{
  +create-7()
  -update-7()
  +delete-7()
}
class \`filename-11.js\`{
  +create-11()
  -update-11()
  +delete-11()
}
class \`filename-17.js\`{
  +create-17()
  -update-17()
  +delete-17()
}
class \`filename-21.js\`
class \`external-7\`{
  +import-7-function1()
}
class \`external-11\`{
  +import-11-function1()
}
class \`external-17\`{
  +import-17-function1()
}
class \`external-21\`{
  +import-21-function1()
}
\`filename-7.js\`-->\`external-7\`
\`filename-11.js\`-->\`external-11\`
\`filename-17.js\`-->\`external-17\`
\`filename-21.js\`-->\`external-21\`"
`;
